{"body":{"name":"DuplicateSkillTest","category":"Technical","description":"A test skill","proficiencyLevel":"Beginner","createdBy":"HOD","targetScore":80,"noOfMcqs":10},"error":"E11000 duplicate key error collection: skill_gap_db.skills index: name_1 dup key: { name: \"DuplicateSkillTest\" }","stack":"MongoServerError: E11000 duplicate key error collection: skill_gap_db.skills index: name_1 dup key: { name: \"DuplicateSkillTest\" }\n    at InsertOneOperation.handleOk (C:\\Users\\jkhr2\\OneDrive\\Desktop\\Faculty Skill Gap\\Skill_gap_analysis\\backend\\node_modules\\mongodb\\lib\\operations\\insert.js:51:19)\n    at tryOperation (C:\\Users\\jkhr2\\OneDrive\\Desktop\\Faculty Skill Gap\\Skill_gap_analysis\\backend\\node_modules\\mongodb\\lib\\operations\\execute_operation.js:216:34)\n    at process.processTicksAndRejections (node:internal/process/task_queues:105:5)\n    at async executeOperation (C:\\Users\\jkhr2\\OneDrive\\Desktop\\Faculty Skill Gap\\Skill_gap_analysis\\backend\\node_modules\\mongodb\\lib\\operations\\execute_operation.js:80:16)\n    at async Collection.insertOne (C:\\Users\\jkhr2\\OneDrive\\Desktop\\Faculty Skill Gap\\Skill_gap_analysis\\backend\\node_modules\\mongodb\\lib\\collection.js:154:16)\n    at async model.$__save (C:\\Users\\jkhr2\\OneDrive\\Desktop\\Faculty Skill Gap\\Skill_gap_analysis\\backend\\node_modules\\mongoose\\lib\\model.js:398:16)\n    at async model.save (C:\\Users\\jkhr2\\OneDrive\\Desktop\\Faculty Skill Gap\\Skill_gap_analysis\\backend\\node_modules\\mongoose\\lib\\model.js:609:5)\n    at async addSkill (C:\\Users\\jkhr2\\OneDrive\\Desktop\\Faculty Skill Gap\\Skill_gap_analysis\\backend\\src\\controllers\\SkillController.js:19:5)"}\n